// Jest Snapshot v1, https://goo.gl/fbAQLP

exports[`renders correctly 1`] = `
<RCTSafeAreaView
  emulateUnlessSupported={true}
  style={
    Object {
      "backgroundColor": "#4fb9ff",
      "flex": 1,
      "paddingTop": 24,
    }
  }
>
  <Text>
     Saved Problems 
  </Text>
  <RCTScrollView
    data={
      Array [
        Object {
          "gymLocation": "Birmingham Boulders",
          "id": "1",
          "problemLevel": 2,
          "problemName": "I Hate Mondays",
        },
        Object {
          "gymLocation": "Birmingham Boulders",
          "id": "2",
          "problemLevel": 0,
          "problemName": "Going Up",
        },
        Object {
          "gymLocation": "High Point Birmingham",
          "id": "3",
          "problemLevel": 5,
          "problemName": "Going Down",
        },
        Object {
          "gymLocation": "Birmingham Boulders",
          "id": "4",
          "problemLevel": 3,
          "problemName": "Bottomless Fries",
        },
        Object {
          "gymLocation": "Birmingham Boulders",
          "id": "5",
          "problemLevel": 4,
          "problemName": "All Uphill From Here",
        },
        Object {
          "gymLocation": "High Point Birmingham",
          "id": "6",
          "problemLevel": 4,
          "problemName": "Angry Monkeys",
        },
        Object {
          "gymLocation": "B.bloc Climbing Gangnam",
          "id": "7",
          "problemLevel": 9,
          "problemName": "Jeon Jungkook",
        },
        Object {
          "gymLocation": "Dagobah",
          "id": "8",
          "problemLevel": 2,
          "problemName": "Seagulls Stop It",
        },
        Object {
          "gymLocation": "Witt Center",
          "id": "9",
          "problemLevel": 1,
          "problemName": "Space Mountain",
        },
      ]
    }
    disableVirtualization={false}
    getItem={[Function]}
    getItemCount={[Function]}
    horizontal={false}
    initialNumToRender={10}
    keyExtractor={[Function]}
    maxToRenderPerBatch={10}
    numColumns={1}
    onContentSizeChange={[Function]}
    onEndReachedThreshold={2}
    onLayout={[Function]}
    onMomentumScrollEnd={[Function]}
    onScroll={[Function]}
    onScrollBeginDrag={[Function]}
    onScrollEndDrag={[Function]}
    removeClippedSubviews={false}
    renderItem={[Function]}
    scrollEventThrottle={50}
    stickyHeaderIndices={Array []}
    updateCellsBatchingPeriod={50}
    viewabilityConfigCallbackPairs={Array []}
    windowSize={21}
  >
    <View>
      <View
        onLayout={[Function]}
        style={null}
      >
        <Text />
      </View>
      <View
        onLayout={[Function]}
        style={null}
      >
        <Text />
      </View>
      <View
        onLayout={[Function]}
        style={null}
      >
        <Text />
      </View>
      <View
        onLayout={[Function]}
        style={null}
      >
        <Text />
      </View>
      <View
        onLayout={[Function]}
        style={null}
      >
        <Text />
      </View>
      <View
        onLayout={[Function]}
        style={null}
      >
        <Text />
      </View>
      <View
        onLayout={[Function]}
        style={null}
      >
        <Text />
      </View>
      <View
        onLayout={[Function]}
        style={null}
      >
        <Text />
      </View>
      <View
        onLayout={[Function]}
        style={null}
      >
        <Text />
      </View>
    </View>
  </RCTScrollView>
</RCTSafeAreaView>
`;
